
> leadhunter-tech4loop@1.0.0 build
> tsc && vite build && electron-packager . LeadHunter-Pro --platform=win32 --arch=x64 --out=production-build --overwrite --no-asar --icon=public/icon.ico

[36mvite v7.3.1 [32mbuilding client environment for production...[36m[39m
transforming...
[32mÔ£ô[39m 1440 modules transformed.
rendering chunks...
computing gzip size...
[2mdist/[22m[32mindex.html                 [39m[1m[2m  0.48 kB[22m[1m[22m[2m Ôöé gzip:  0.31 kB[22m
[2mdist/[22m[35massets/index-DjaChN9H.css  [39m[1m[2m 21.47 kB[22m[1m[22m[2m Ôöé gzip:  4.66 kB[22m
[2mdist/[22m[36massets/index-Cehd6GwZ.js   [39m[1m[2m186.48 kB[22m[1m[22m[2m Ôöé gzip: 59.82 kB[22m
[32mÔ£ô built in 5.59s[39m
[36mvite v7.3.1 [32mbuilding client environment for production...[36m[39m
transforming...
[32mÔ£ô[39m 655 modules transformed.
rendering chunks...
computing gzip size...
[2mdist-electron/[22m[36mmain.js  [39m[1m[33m1,462.32 kB[39m[22m[2m Ôöé gzip: 354.01 kB[22m
[32mÔ£ô built in 7.52s[39m
[36mvite v7.3.1 [32mbuilding client environment for production...[36m[39m
transforming...
[32mÔ£ô[39m 1 modules transformed.
rendering chunks...
computing gzip size...
[2mdist-electron/[22m[36mpreload.cjs  [39m[1m[2m0.67 kB[22m[1m[22m[2m Ôöé gzip: 0.29 kB[22m
[32mÔ£ô built in 25ms[39m
node.exe : EBUSY: resource busy or locked, rmdir 'C:\Users\haduk\OneDrive\Deskt
op\Extrator_Leads\LeadHunter-Tech4Loop\production-build\LeadHunter-Pro-win32-x6
4'
No linha:1 caractere:1
+ & "C:\Program Files\nodejs/node.exe" "C:\Program Files\nodejs/node_mo ...
+ ~~~~~~~~~~~~~~~~~~~~~~~~~~~~~~~~~~~~~~~~~~~~~~~~~~~~~~~~~~~~~~~~~~~~~
    + CategoryInfo          : NotSpecified: (EBUSY: resource...-Pro-win32-x64' 
   :String) [], RemoteException
    + FullyQualifiedErrorId : NativeCommandError
 
